// Jest Snapshot v1, https://goo.gl/fbAQLP

exports[`GraphQL Subscriptions should throw an error if the result has protocolErrors on it 1`] = `
ApolloError {
  "cause": Object {
    "extensions": Object {
      "code": "WEBSOCKET_MESSAGE_ERROR",
    },
    "message": "cannot read message from websocket",
  },
  "clientErrors": Array [],
  "extraInfo": undefined,
  "graphQLErrors": Array [],
  "message": "cannot read message from websocket",
  "name": "ApolloError",
  "networkError": null,
  "protocolErrors": Array [
    Object {
      "extensions": Object {
        "code": "WEBSOCKET_MESSAGE_ERROR",
      },
      "message": "cannot read message from websocket",
    },
  ],
}
`;
