// Jest Snapshot v1, https://goo.gl/fbAQLP

exports[`useQuery Hook SSR should return data written previously to cache during SSR pass if using cache-only fetchPolicy 1`] = `
{
  "Order:{"selection":"RELEVANCE"}": {
    "__typename": "Order",
    "selection": "RELEVANCE",
  },
  "ROOT_QUERY": {
    "__typename": "Query",
    "getSearchResults": {
      "__typename": "SearchResults",
      "locale": "en-US",
      "order": {
        "__ref": "Order:{"selection":"RELEVANCE"}",
      },
      "pagination": {
        "pageLimit": 3,
      },
      "results": [
        {
          "__ref": "SearchResult:1",
        },
        {
          "__ref": "SearchResult:2",
        },
        {
          "__ref": "SearchResult:3",
        },
      ],
    },
  },
  "SearchResult:1": {
    "__typename": "SearchResult",
    "id": 1,
    "text": "hi",
  },
  "SearchResult:2": {
    "__typename": "SearchResult",
    "id": 2,
    "text": "hello",
  },
  "SearchResult:3": {
    "__typename": "SearchResult",
    "id": 3,
    "text": "hey",
  },
}
`;
