// Jest Snapshot v1, https://goo.gl/fbAQLP

exports[`useQuery Hook Partial refetching should attempt a refetch when the query result was marked as being partial, the returned data was reset to an empty Object by the Apollo Client QueryManager (due to a cache miss), and the \`partialRefetch\` prop is \`true\` 1`] = `
[MockFunction] {
  "calls": Array [
    Array [
      "Missing field 'allPeople' while writing result {}",
    ],
  ],
  "results": Array [
    Object {
      "type": "return",
      "value": undefined,
    },
  ],
}
`;
