// Jest Snapshot v1, https://goo.gl/fbAQLP

exports[`EntityStore ignores retainment count for ROOT_QUERY 1`] = `
Object {
  "Author:Allie Brosh": Object {
    "__typename": "Author",
    "name": "Allie Brosh",
  },
  "Book:1982156945": Object {
    "__typename": "Book",
    "author": Object {
      "__ref": "Author:Allie Brosh",
    },
    "title": "Solutions and Other Problems",
  },
  "ROOT_QUERY": Object {
    "__typename": "Query",
    "book": Object {
      "__ref": "Book:1982156945",
    },
  },
}
`;
