// Jest Snapshot v1, https://goo.gl/fbAQLP

exports[`policies.fragmentMatches can infer fuzzy subtypes heuristically 1`] = `
{
  "ROOT_QUERY": {
    "__typename": "Query",
    "objects": [
      {
        "__typename": "E",
        "c": "ce",
      },
      {
        "__typename": "F",
        "c": "cf",
      },
      {
        "__typename": "G",
        "c": "cg",
      },
      {
        "__typename": "TooLong",
      },
      {
        "__typename": "H",
      },
    ],
  },
}
`;
