// Jest Snapshot v1, https://goo.gl/fbAQLP

exports[`roundtrip fragments should throw an error on two of the same inline fragment types 1`] = `
[MockFunction] {
  "calls": Array [
    Array [
      "Missing field '%s' while writing result %o",
      "rank",
      Object {
        "__typename": "Jedi",
        "name": "Luke Skywalker",
        "side": "bright",
      },
    ],
  ],
  "results": Array [
    Object {
      "type": "return",
      "value": undefined,
    },
  ],
}
`;

exports[`roundtrip fragments should throw on error on two of the same spread fragment types 1`] = `
[MockFunction] {
  "calls": Array [
    Array [
      "Missing field '%s' while writing result %o",
      "rank",
      Object {
        "__typename": "Jedi",
        "name": "Luke Skywalker",
        "side": "bright",
      },
    ],
  ],
  "results": Array [
    Object {
      "type": "return",
      "value": undefined,
    },
  ],
}
`;
